[www.cbcareagencyltd.co.uk/members-area.html]
[www.cbcareagencyltd.co.uk/index.html]
[static.wixstatic.com/media/034cf3_f3cc5d6f762546a88af39f04ce71ae56_mv2.png/v1/fill/w_192,h_192,lg_1,usm_0.66_1.00_0.01/034cf3_f3cc5d6f762546a88af39f04ce71ae56_mv2.png]
[static.wixstatic.com/media/034cf3_f3cc5d6f762546a88af39f04ce71ae56_mv2.png/v1/fill/w_32,h_32,lg_1,usm_0.66_1.00_0.01/034cf3_f3cc5d6f762546a88af39f04ce71ae56_mv2.png]
[static.wixstatic.com/media/034cf3_f3cc5d6f762546a88af39f04ce71ae56_mv2.png/v1/fill/w_180,h_180,lg_1,usm_0.66_1.00_0.01/034cf3_f3cc5d6f762546a88af39f04ce71ae56_mv2.png]
[static.parastorage.com/unpkg/core-js-bundle@3.2.1/minified.js]
[static.parastorage.com/unpkg/focus-within-polyfill@5.0.9/dist/focus-within-polyfill.js]
[backblue.gif]
[fade.gif]
[index.html]
[polyfill-fastly.io/v3/polyfill.mind82c.js]
[static.wixstatic.com/media/034cf3_f3cc5d6f762546a88af39f04ce71ae56_mv2.png/v1/fill/w_203,h_165,al_c,q_85,usm_0.66_1.00_0.01,enc_avif,quality_auto/tranparent background.png]
[www.cbcareagencyltd.co.uk/about.html]
[www.cbcareagencyltd.co.uk/contact-us.html]
[www.cbcareagencyltd.co.uk/file-share.html]
[www.cbcareagencyltd.co.uk/members.html]
[static.wixstatic.com/media/11062b_19e3e6e5e59b43e3a1a63b12b3c7a350_mv2.jpg/v1/fill/w_981,h_463,al_c,q_85,usm_0.66_1.00_0.01,enc_avif,quality_auto/Tray of Food.jpg]
[static.wixstatic.com/media/a9ff3b_af817ad90ae54d8ea02629cc23427e72.png/v1/fill/w_35,h_42,al_c,q_85,blur_3,enc_avif,quality_auto/a9ff3b_af817ad90ae54d8ea02629cc23427e72.png]
[static.wixstatic.com/media/a9ff3b_4a8688ee55da4e799ab5ca3bd06290a5.png/v1/fill/w_41,h_27,al_c,q_85,blur_3,enc_avif,quality_auto/a9ff3b_4a8688ee55da4e799ab5ca3bd06290a5.png]
[static.wixstatic.com/media/a9ff3b_b7629f54ec2040f6beb9bd7e526e51e6.png/v1/fill/w_35,h_35,al_c,q_85,blur_3,enc_avif,quality_auto/a9ff3b_b7629f54ec2040f6beb9bd7e526e51e6.png]
[static.parastorage.com/services/wix-thunderbolt/dist/8875.d06b9c87.bundle.min.js]
[browser.sentry-cdn.com/6.18.2/bundle.min.js]
[www.cbcareagencyltd.co.uk/sitemap.xml]
[www.cbcareagencyltd.co.uk/feed.13.delayed]
[static.parastorage.com/services/wix-thunderbolt/dist/thunderbolt-commons.367ce018.bundle.min.js]
[static.parastorage.com/services/wix-thunderbolt/dist/main.9eacba57.bundle.min.js]
[static.parastorage.com/services/wix-thunderbolt/dist/main.renderer.1d21f023.bundle.min.js]
[static.parastorage.com/unpkg/lodash@4.17.21/lodash.min.js]
[static.parastorage.com/unpkg/react@18.3.1/umd/react.production.min.js]
[static.parastorage.com/unpkg/react-dom@18.3.1/umd/react-dom.production.min.js]
[static.parastorage.com/services/wix-thunderbolt/dist/browser-deprecation.bundle.es5.js]
[www.cbcareagencyltd.co.uk/decodeURIComponent(e.1b.delayed]
[www.cbcareagencyltd.co.uk/index.html]
[static.parastorage.com/services/tag-manager-client/1.875.0/siteTags.bundle.min.js]
[www.cbcareagencyltd.co.uk/members-area.html]
[www.cbcareagencyltd.co.uk/media/emptystate.85a4add5.1d.delayed]
[static.wixstatic.com/media/034cf3_d19c6352eedf4a2aa4291ac965cc2111_mv2.jpg/v1/fill/w_327,h_435,fp_0.5_0.65,q_90/034cf3_d19c6352eedf4a2aa4291ac965cc2111_mv2.jpg]
[static.wixstatic.com/media/034cf3_f4024b52e35d4d8098dfa12e1b0ff03d_mv2.jpg/v1/fill/w_327,h_435,fp_0.35_0.31,q_90/034cf3_f4024b52e35d4d8098dfa12e1b0ff03d_mv2.jpg]
[static.wixstatic.com/media/034cf3_283ec9d2880748c2aac24872e6400915_mv2.jpg/v1/fill/w_326,h_435,fp_0.36_0.55,q_90/034cf3_283ec9d2880748c2aac24872e6400915_mv2.jpg]
[www.cbcareagencyltd.co.uk/about.html]
[static.parastorage.com/services/pro-gallery-tpa/1.1037.0/WixProGalleryViewerWidget.bundle.min.js]
[www.cbcareagencyltd.co.uk/_files/ugd/staff-application-form-CB-Care.docx_; filename_=UTF-8''staff-application-form-CB-Care52bc.docx]
[www.cbcareagencyltd.co.uk/contact-us.html]
[www.cbcareagencyltd.co.uk/file-share.html]
[www.cbcareagencyltd.co.uk/members.html]
[www.cbcareagencyltd.co.uk/feed.html]
[www.cbcareagencyltd.co.uk/decodeURIComponent(e.html]
[www.cbcareagencyltd.co.uk/media/emptystate.85a4add5.html]
[static.parastorage.com/services/file-share-ooi/1.404.0/FileShareOoiViewerWidgetNoCss.bundle.min.js]
